---
source: tests/snapshots.rs
---
Debug(
    Eof,
)
