---
source: tests/snapshots.rs
---
version: ""
new_symbols:
  - NS_DESC_
  - CM_
  - BA_DEF_
  - BA_
  - VAL_
  - CAT_DEF_
  - CAT_
  - FILTER
  - BA_DEF_DEF_
  - EV_DATA_
  - ENVVAR_DATA_
  - SGTYPE_
  - SGTYPE_VAL_
  - BA_DEF_SGTYPE_
  - BA_SGTYPE_
  - SIG_TYPE_REF_
  - VAL_TABLE_
  - SIG_GROUP_
  - SIG_VALTYPE_
  - SIGTYPE_VALTYPE_
  - BO_TX_BU_
  - BA_DEF_REL_
  - BA_REL_
  - BA_DEF_DEF_REL_
  - BU_SG_REL_
  - BU_EV_REL_
  - BU_BO_REL_
  - SG_MUL_VAL_
bit_timing:
  value: ~
nodes:
  - TheNode
value_tables: ~
messages:
  - header:
      id: 1234
      name: INV2EventMsg1
      size: 8
      transmitter: Inv2
    signals:
      - name: TheSignal
        multiplexer: ~
        start_bit: 0
        size: 8
        byte_order: LittleEndian
        value_type: Signed
        factor: 1
        offset: 0
        min: 0
        max: 0
        unit: ""
        receivers:
          - Vector__XXX
env_vars: []
env_vars_data: []
comments: []
attribute_definitions:
  - Message:
      attribute_name: GenMsgSendType
      attribute_value_type:
        String: {}
  - Message:
      attribute_name: GenMsgCycleTime
      attribute_value_type:
        Integer:
          minimum: 0
          maximum: 100
attribute_defaults: []
attribute_values:
  - Message:
      attribute_name: GenMsgSendType
      message_id: 1234
      attribute_value:
        String: Event
  - Message:
      attribute_name: GenMsgCycleTime
      message_id: 1234
      attribute_value:
        Double: 0
signal_value_descriptions: []
env_var_value_descriptions: []
