---
source: tests/snapshots.rs
---
version: ""
new_symbols:
  - NS_DESC_
  - CM_
  - BA_DEF_
  - BA_
  - VAL_
  - CAT_DEF_
  - CAT_
  - FILTER
  - BA_DEF_DEF_
  - EV_DATA_
  - ENVVAR_DATA_
  - SGTYPE_
  - SGTYPE_VAL_
  - BA_DEF_SGTYPE_
  - BA_SGTYPE_
  - SIG_TYPE_REF_
  - VAL_TABLE_
  - SIG_GROUP_
  - SIG_VALTYPE_
  - SIGTYPE_VALTYPE_
  - BO_TX_BU_
  - BA_DEF_REL_
  - BA_REL_
  - BA_DEF_DEF_REL_
  - BU_SG_REL_
  - BU_EV_REL_
  - BU_BO_REL_
  - SG_MUL_VAL_
bit_timing:
  value: ~
nodes:
  - TheNode
value_tables: ~
messages:
  - header:
      id: 2147483705
      name: TheMessage
      size: 8
      transmitter: Vector__XXX
    signals:
      - name: TheSignal
        multiplexer: ~
        start_bit: 0
        size: 8
        byte_order: LittleEndian
        value_type: Signed
        factor: 1
        offset: 0
        min: 0
        max: 0
        unit: ""
        receivers:
          - Vector__XXX
  - header:
      id: 42
      name: TheOtherMessage
      size: 8
      transmitter: Vector__XXX
    signals:
      - name: TheSignal
        multiplexer: ~
        start_bit: 0
        size: 8
        byte_order: LittleEndian
        value_type: Signed
        factor: 1
        offset: 0
        min: 0
        max: 0
        unit: ""
        receivers:
          - Vector__XXX
env_vars: []
env_vars_data: []
comments:
  - Node:
      node_name: TheNode
      comment: TheNodeComment
attribute_definitions:
  - Signal:
      attribute_name: TheSignalStringAttribute
      attribute_value_type:
        String: {}
  - Network:
      attribute_name: TheNetworkAttribute
      attribute_value_type:
        Integer:
          minimum: 0
          maximum: 100
  - Message:
      attribute_name: TheUnusedAttributeDefinitionWithoutDefault
      attribute_value_type:
        Hex:
          minimum: 0
          maximum: 8
  - Message:
      attribute_name: TheHexAttribute
      attribute_value_type:
        Hex:
          minimum: 0
          maximum: 8
  - Message:
      attribute_name: TheFloatAttribute
      attribute_value_type:
        Float:
          minimum: 5
          maximum: 87
  - Node:
      attribute_name: TheNodeAttribute
      attribute_value_type:
        Integer:
          minimum: 50
          maximum: 150
  - Node:
      attribute_name: NodeLayerModules
      attribute_value_type:
        String: {}
  - Message:
      attribute_name: GenMsgStartDelayTime
      attribute_value_type:
        Integer:
          minimum: 0
          maximum: 65535
  - Signal:
      attribute_name: NWM-WakeupAllowed
      attribute_value_type:
        Enum:
          values:
            - "No"
            - "Yes"
  - Message:
      attribute_name: NmMessage
      attribute_value_type:
        Enum:
          values:
            - "no"
            - "yes"
  - Message:
      attribute_name: GenMsgILSupport
      attribute_value_type:
        Enum:
          values:
            - "No"
            - "Yes"
  - Node:
      attribute_name: NmNode
      attribute_value_type:
        Enum:
          values:
            - "no"
            - "yes"
  - Node:
      attribute_name: NmStationAddress
      attribute_value_type:
        Integer:
          minimum: 0
          maximum: 63
  - Network:
      attribute_name: NmBaseAddress
      attribute_value_type:
        Hex:
          minimum: 1024
          maximum: 1087
  - Message:
      attribute_name: GenMsgCycleTimeFast
      attribute_value_type:
        Integer:
          minimum: 0
          maximum: 50000
  - Network:
      attribute_name: BusType
      attribute_value_type:
        String: {}
  - Message:
      attribute_name: GenMsgCycleTime
      attribute_value_type:
        Integer:
          minimum: 0
          maximum: 50000
  - Message:
      attribute_name: GenMsgDelayTime
      attribute_value_type:
        Integer:
          minimum: 0
          maximum: 1000
  - Message:
      attribute_name: GenMsgNrOfRepetition
      attribute_value_type:
        Integer:
          minimum: 0
          maximum: 999999
  - Message:
      attribute_name: GenMsgSendType
      attribute_value_type:
        Enum:
          values:
            - Cyclic
            - NotUsed
            - NotUsed
            - NotUsed
            - NotUsed
            - NotUsed
            - NotUsed
            - IfActive
            - NoMsgSendType
            - NotUsed
            - vector_leerstring
  - Signal:
      attribute_name: GenSigInactiveValue
      attribute_value_type:
        Integer:
          minimum: 0
          maximum: 100000
  - Signal:
      attribute_name: GenSigSendType
      attribute_value_type:
        Enum:
          values:
            - Cyclic
            - OnWrite
            - OnWriteWithRepetition
            - OnChange
            - OnChangeWithRepetition
            - IfActive
            - IfActiveWithRepetition
            - NoSigSendType
            - NotUsed
            - NotUsed
            - NotUsed
            - NotUsed
            - NotUsed
  - Signal:
      attribute_name: GenSigStartValue
      attribute_value_type:
        Float:
          minimum: 0
          maximum: 100000000000
attribute_defaults:
  - Attribute:
      attribute_name: TheSignalStringAttribute
      attribute_value:
        String: "100"
  - Attribute:
      attribute_name: TheNetworkAttribute
      attribute_value:
        Double: 50
  - Attribute:
      attribute_name: TheHexAttribute
      attribute_value:
        Double: 4
  - Attribute:
      attribute_name: TheFloatAttribute
      attribute_value:
        Double: 55
  - Attribute:
      attribute_name: TheNodeAttribute
      attribute_value:
        Double: 100
  - Attribute:
      attribute_name: NodeLayerModules
      attribute_value:
        String: CANoeILNLVector.dll
  - Attribute:
      attribute_name: GenMsgStartDelayTime
      attribute_value:
        Double: 0
  - Attribute:
      attribute_name: NWM-WakeupAllowed
      attribute_value:
        String: ""
  - Attribute:
      attribute_name: NmMessage
      attribute_value:
        String: "no"
  - Attribute:
      attribute_name: GenMsgILSupport
      attribute_value:
        String: "Yes"
  - Attribute:
      attribute_name: NmNode
      attribute_value:
        String: "no"
  - Attribute:
      attribute_name: NmStationAddress
      attribute_value:
        Double: 0
  - Attribute:
      attribute_name: NmBaseAddress
      attribute_value:
        Double: 1024
  - Attribute:
      attribute_name: GenMsgCycleTimeFast
      attribute_value:
        Double: 0
  - Attribute:
      attribute_name: BusType
      attribute_value:
        String: ""
  - Attribute:
      attribute_name: GenMsgCycleTime
      attribute_value:
        Double: 0
  - Attribute:
      attribute_name: GenMsgDelayTime
      attribute_value:
        Double: 0
  - Attribute:
      attribute_name: GenMsgNrOfRepetition
      attribute_value:
        Double: 0
  - Attribute:
      attribute_name: GenMsgSendType
      attribute_value:
        String: NoMsgSendType
  - Attribute:
      attribute_name: GenSigInactiveValue
      attribute_value:
        Double: 0
  - Attribute:
      attribute_name: GenSigSendType
      attribute_value:
        String: Cyclic
  - Attribute:
      attribute_name: GenSigStartValue
      attribute_value:
        Double: 0
attribute_values:
  - Network:
      attribute_name: TheNetworkAttribute
      attribute_value:
        Double: 51
  - Network:
      attribute_name: BusType
      attribute_value:
        String: CAN
  - Node:
      attribute_name: TheNodeAttribute
      node_name: TheNode
      attribute_value:
        Double: 99
  - Message:
      attribute_name: TheFloatAttribute
      message_id: 2147483705
      attribute_value:
        Double: 58.7
  - Message:
      attribute_name: TheHexAttribute
      message_id: 2147483705
      attribute_value:
        Double: 5
  - Message:
      attribute_name: GenMsgSendType
      message_id: 2147483705
      attribute_value:
        Double: 0
  - Message:
      attribute_name: GenMsgCycleTime
      message_id: 2147483705
      attribute_value:
        Double: 1000
  - Signal:
      attribute_name: TheSignalStringAttribute
      message_id: 2147483705
      signal_name: TheSignal
      attribute_value:
        String: TestString
  - Signal:
      attribute_name: GenSigSendType
      message_id: 2147483705
      signal_name: TheSignal
      attribute_value:
        Double: 1
  - Signal:
      attribute_name: GenSigSendType
      message_id: 42
      signal_name: TheSignal
      attribute_value:
        Double: 1
signal_value_descriptions: []
env_var_value_descriptions: []
