---
source: tests/snapshots.rs
---
version: ""
new_symbols:
  - NS_DESC_
  - CM_
  - BA_DEF_
  - BA_
  - VAL_
  - CAT_DEF_
  - CAT_
  - FILTER
  - BA_DEF_DEF_
  - EV_DATA_
  - ENVVAR_DATA_
  - SGTYPE_
  - SGTYPE_VAL_
  - BA_DEF_SGTYPE_
  - BA_SGTYPE_
  - SIG_TYPE_REF_
  - VAL_TABLE_
  - SIG_GROUP_
  - SIG_VALTYPE_
  - SIGTYPE_VALTYPE_
  - BO_TX_BU_
  - BA_DEF_REL_
  - BA_REL_
  - BA_DEF_DEF_REL_
  - BU_SG_REL_
  - BU_EV_REL_
  - BU_BO_REL_
  - SG_MUL_VAL_
bit_timing:
  value: ~
nodes: []
value_tables:
  - name: CmdResp
    value_descriptions:
      values:
        - num: 1
          str: SignalWithChoices_CmdRespOK
        - num: 0
          str: SignalWithChoices_CmdRespErr
messages:
  - header:
      id: 2148073472
      name: TestMessage
      size: 1
      transmitter: Vector__XXX
    signals:
      - name: SignalWithChoices
        multiplexer: ~
        start_bit: 0
        size: 1
        byte_order: LittleEndian
        value_type: Unsigned
        factor: 1
        offset: 0
        min: 0
        max: 0
        unit: ""
        receivers:
          - Vector__XXX
env_vars: []
env_vars_data: []
comments: []
attribute_definitions:
  - Network:
      attribute_name: BusType
      attribute_value_type:
        String: {}
attribute_defaults:
  - Attribute:
      attribute_name: BusType
      attribute_value:
        String: CAN
attribute_values: []
signal_value_descriptions:
  - message_id: 2148073472
    signal_name: SignalWithChoices
    value_descriptions:
      values:
        - num: 1
          str: SignalWithChoices_CmdRespOK
        - num: 0
          str: SignalWithChoices_CmdRespErr
env_var_value_descriptions: []
