---
source: tests/snapshots.rs
---
version: "HINBNYYYYYYYYYYYYYYYYYYYYYYYYYYYNNNNNNNNNN/4/%%%/4/'%**4NNN///"
new_symbols:
  - NS_DESC_
  - CM_
  - BA_DEF_
  - BA_
  - VAL_
  - CAT_DEF_
  - CAT_
  - FILTER
  - BA_DEF_DEF_
  - EV_DATA_
  - ENVVAR_DATA_
  - SGTYPE_
  - SGTYPE_VAL_
  - BA_DEF_SGTYPE_
  - BA_SGTYPE_
  - SIG_TYPE_REF_
  - VAL_TABLE_
  - SIG_GROUP_
  - SIG_VALTYPE_
  - SIGTYPE_VALTYPE_
  - BO_TX_BU_
  - BA_DEF_REL_
  - BA_REL_
  - BA_DEF_DEF_REL_
  - BU_SG_REL_
  - BU_EV_REL_
  - BU_BO_REL_
  - SG_MUL_VAL_
bit_timing:
  value: ~
nodes:
  - EMV_Statusmeldungen
value_tables: ~
messages:
  - header:
      id: 546
      name: EMV_Stati
      size: 8
      transmitter: EMV_Statusmeldungen
    signals:
      - name: EMV_Aktion_Status_5
        multiplexer: ~
        start_bit: 4
        size: 1
        byte_order: LittleEndian
        value_type: Unsigned
        factor: 1
        offset: 0
        min: 0
        max: 1
        unit: ""
        receivers:
          - Vector__XXX
      - name: EMV_Aktion_Status_4
        multiplexer: ~
        start_bit: 3
        size: 1
        byte_order: LittleEndian
        value_type: Unsigned
        factor: 1
        offset: 0
        min: 0
        max: 1
        unit: ""
        receivers:
          - Vector__XXX
      - name: EMV_Aktion_Status_3
        multiplexer: ~
        start_bit: 2
        size: 1
        byte_order: LittleEndian
        value_type: Unsigned
        factor: 1
        offset: 0
        min: 0
        max: 1
        unit: ""
        receivers:
          - EMV_Statusmeldungen
      - name: EMV_Aktion_Status_2
        multiplexer: ~
        start_bit: 6
        size: 1
        byte_order: LittleEndian
        value_type: Unsigned
        factor: 1
        offset: 0
        min: 0
        max: 1
        unit: ""
        receivers:
          - Vector__XXX
      - name: EMV_Aktion_Status_1
        multiplexer: ~
        start_bit: 5
        size: 1
        byte_order: LittleEndian
        value_type: Unsigned
        factor: 1
        offset: 0
        min: 0
        max: 1
        unit: ""
        receivers:
          - Vector__XXX
env_vars:
  - env_var_name: EMC_TrdPower
    env_var_type: Float
    minimum: 0
    maximum: 20000
    unit: W
    initial_value: 0
    ev_id: 1
    access_type: 0
    access_nodes:
      - Vector__XXX
  - env_var_name: EMC_Modulation
    env_var_type: String
    minimum: 0
    maximum: 0
    unit: ""
    initial_value: 0
    ev_id: 2
    access_type: 32768
    access_nodes:
      - Vector__XXX
  - env_var_name: EMC_NoGoInfo
    env_var_type: String
    minimum: 0
    maximum: 0
    unit: ""
    initial_value: 0
    ev_id: 3
    access_type: 32768
    access_nodes:
      - Vector__XXX
  - env_var_name: EMC_Test_Stop
    env_var_type: Integer
    minimum: 0
    maximum: 1
    unit: ""
    initial_value: 0
    ev_id: 4
    access_type: 0
    access_nodes:
      - Vector__XXX
  - env_var_name: EMC_Test_Start
    env_var_type: Integer
    minimum: 0
    maximum: 1
    unit: ""
    initial_value: 0
    ev_id: 5
    access_type: 0
    access_nodes:
      - Vector__XXX
  - env_var_name: EMC_Test_Clear
    env_var_type: Integer
    minimum: 0
    maximum: 1
    unit: ""
    initial_value: 0
    ev_id: 6
    access_type: 0
    access_nodes:
      - Vector__XXX
  - env_var_name: EMC_Synchronisation
    env_var_type: Integer
    minimum: 0
    maximum: 1
    unit: ""
    initial_value: 0
    ev_id: 7
    access_type: 0
    access_nodes:
      - Vector__XXX
  - env_var_name: EMC_Polarisation
    env_var_type: String
    minimum: 0
    maximum: 0
    unit: ""
    initial_value: 0
    ev_id: 8
    access_type: 32768
    access_nodes:
      - Vector__XXX
  - env_var_name: EMC_NoGo
    env_var_type: Integer
    minimum: 0
    maximum: 1
    unit: ""
    initial_value: 0
    ev_id: 9
    access_type: 0
    access_nodes:
      - Vector__XXX
  - env_var_name: EMC_Frequency
    env_var_type: Float
    minimum: 0
    maximum: 4000000000
    unit: Hz
    initial_value: 0
    ev_id: 10
    access_type: 0
    access_nodes:
      - Vector__XXX
  - env_var_name: EMC_TestLevel
    env_var_type: Float
    minimum: 0
    maximum: 600
    unit: Level
    initial_value: 0
    ev_id: 11
    access_type: 0
    access_nodes:
      - Vector__XXX
  - env_var_name: EMC_Azimuth
    env_var_type: Float
    minimum: -180
    maximum: 400
    unit: deg
    initial_value: 0
    ev_id: 12
    access_type: 0
    access_nodes:
      - Vector__XXX
  - env_var_name: EMC_Action_5
    env_var_type: Integer
    minimum: 0
    maximum: 1
    unit: ""
    initial_value: 0
    ev_id: 13
    access_type: 0
    access_nodes:
      - Vector__XXX
  - env_var_name: EMC_Action_4
    env_var_type: Integer
    minimum: 0
    maximum: 1
    unit: ""
    initial_value: 0
    ev_id: 14
    access_type: 0
    access_nodes:
      - Vector__XXX
  - env_var_name: EMC_Action_3
    env_var_type: Integer
    minimum: 0
    maximum: 1
    unit: ""
    initial_value: 0
    ev_id: 15
    access_type: 0
    access_nodes:
      - Vector__XXX
  - env_var_name: EMC_Action_2
    env_var_type: Integer
    minimum: 0
    maximum: 1
    unit: ""
    initial_value: 0
    ev_id: 16
    access_type: 0
    access_nodes:
      - Vector__XXX
  - env_var_name: EMC_Action_1
    env_var_type: Integer
    minimum: 0
    maximum: 1
    unit: ""
    initial_value: 0
    ev_id: 17
    access_type: 0
    access_nodes:
      - Vector__XXX
env_vars_data: []
comments:
  - EnvironmentVariable:
      environment_variable_name: EMC_Azimuth
      comment: Elevation Head
attribute_definitions: []
attribute_defaults: []
attribute_values: []
signal_value_descriptions: []
env_var_value_descriptions: []
