---
source: tests/snapshots.rs
---
version: ""
new_symbols:
  - NS_DESC_
  - CM_
  - BA_DEF_
  - BA_
  - VAL_
  - CAT_DEF_
  - CAT_
  - FILTER
  - BA_DEF_DEF_
  - EV_DATA_
  - ENVVAR_DATA_
  - SGTYPE_
  - SGTYPE_VAL_
  - BA_DEF_SGTYPE_
  - BA_SGTYPE_
  - SIG_TYPE_REF_
  - VAL_TABLE_
  - SIG_GROUP_
  - SIG_VALTYPE_
  - SIGTYPE_VALTYPE_
  - BO_TX_BU_
  - BA_DEF_REL_
  - BA_REL_
  - BA_DEF_DEF_REL_
  - BU_SG_REL_
  - BU_EV_REL_
  - BU_BO_REL_
  - SG_MUL_VAL_
bit_timing:
  value: ~
nodes: []
value_tables: ~
messages:
  - header:
      id: 2147483651
      name: TestMsg_Ex
      size: 8
      transmitter: Vector__XXX
    signals:
      - name: TestSig_Copy_1
        multiplexer: ~
        start_bit: 0
        size: 8
        byte_order: LittleEndian
        value_type: Signed
        factor: 1
        offset: 0
        min: 0
        max: 0
        unit: ""
        receivers:
          - Vector__XXX
  - header:
      id: 2
      name: TestMsg_Std
      size: 8
      transmitter: Vector__XXX
    signals:
      - name: TestSig_Copy_3
        multiplexer: ~
        start_bit: 0
        size: 8
        byte_order: LittleEndian
        value_type: Signed
        factor: 1
        offset: 0
        min: 0
        max: 0
        unit: ""
        receivers:
          - Vector__XXX
  - header:
      id: 1
      name: TestMsg_FDStd
      size: 8
      transmitter: Vector__XXX
    signals:
      - name: TestSig_Copy_2
        multiplexer: ~
        start_bit: 0
        size: 8
        byte_order: LittleEndian
        value_type: Signed
        factor: 1
        offset: 0
        min: 0
        max: 0
        unit: ""
        receivers:
          - Vector__XXX
  - header:
      id: 2147483648
      name: TestMsg_FDEx
      size: 8
      transmitter: Vector__XXX
    signals:
      - name: TestSig
        multiplexer: ~
        start_bit: 0
        size: 8
        byte_order: LittleEndian
        value_type: Signed
        factor: 1
        offset: 0
        min: 0
        max: 0
        unit: ""
        receivers:
          - Vector__XXX
env_vars: []
env_vars_data: []
comments: []
attribute_definitions:
  - Message:
      attribute_name: CANFD_BRS
      attribute_value_type:
        Enum:
          values:
            - "0"
            - "1"
  - Network:
      attribute_name: DBName
      attribute_value_type:
        String: {}
  - Network:
      attribute_name: BusType
      attribute_value_type:
        String: {}
  - Node:
      attribute_name: NodeLayerModules
      attribute_value_type:
        String: {}
  - Node:
      attribute_name: ECU
      attribute_value_type:
        String: {}
  - Node:
      attribute_name: CANoeJitterMax
      attribute_value_type:
        Integer:
          minimum: 0
          maximum: 0
  - Node:
      attribute_name: CANoeJitterMin
      attribute_value_type:
        Integer:
          minimum: 0
          maximum: 0
  - Node:
      attribute_name: CANoeDrift
      attribute_value_type:
        Integer:
          minimum: 0
          maximum: 0
  - Node:
      attribute_name: CANoeStartDelay
      attribute_value_type:
        Integer:
          minimum: 0
          maximum: 0
  - Message:
      attribute_name: VFrameFormat
      attribute_value_type:
        Enum:
          values:
            - StandardCAN
            - ExtendedCAN
            - reserved
            - reserved
            - reserved
            - reserved
            - reserved
            - reserved
            - reserved
            - reserved
            - reserved
            - reserved
            - reserved
            - reserved
            - StandardCAN_FD
            - ExtendedCAN_FD
attribute_defaults:
  - Attribute:
      attribute_name: CANFD_BRS
      attribute_value:
        String: "1"
  - Attribute:
      attribute_name: DBName
      attribute_value:
        String: ""
  - Attribute:
      attribute_name: BusType
      attribute_value:
        String: ""
  - Attribute:
      attribute_name: NodeLayerModules
      attribute_value:
        String: ""
  - Attribute:
      attribute_name: ECU
      attribute_value:
        String: ""
  - Attribute:
      attribute_name: CANoeJitterMax
      attribute_value:
        Double: 0
  - Attribute:
      attribute_name: CANoeJitterMin
      attribute_value:
        Double: 0
  - Attribute:
      attribute_name: CANoeDrift
      attribute_value:
        Double: 0
  - Attribute:
      attribute_name: CANoeStartDelay
      attribute_value:
        Double: 0
  - Attribute:
      attribute_name: VFrameFormat
      attribute_value:
        String: StandardCAN
attribute_values:
  - Network:
      attribute_name: BusType
      attribute_value:
        String: CAN FD
  - Network:
      attribute_name: DBName
      attribute_value:
        String: fd_test
  - Message:
      attribute_name: VFrameFormat
      message_id: 2147483651
      attribute_value:
        Double: 1
  - Message:
      attribute_name: VFrameFormat
      message_id: 1
      attribute_value:
        Double: 14
  - Message:
      attribute_name: VFrameFormat
      message_id: 2147483648
      attribute_value:
        Double: 15
signal_value_descriptions: []
env_var_value_descriptions: []
