---
source: tests/snapshots.rs
---
version: ""
new_symbols:
  - NS_DESC_
  - CM_
  - BA_DEF_
  - BA_
  - VAL_
  - CAT_DEF_
  - CAT_
  - FILTER
  - BA_DEF_DEF_
  - EV_DATA_
  - ENVVAR_DATA_
  - SGTYPE_
  - SGTYPE_VAL_
  - BA_DEF_SGTYPE_
  - BA_SGTYPE_
  - SIG_TYPE_REF_
  - VAL_TABLE_
  - SIG_GROUP_
  - SIG_VALTYPE_
  - SIGTYPE_VALTYPE_
  - BO_TX_BU_
  - BA_DEF_REL_
  - BA_REL_
  - BA_DEF_DEF_REL_
  - BU_SG_REL_
  - BU_EV_REL_
  - BU_BO_REL_
  - SG_MUL_VAL_
bit_timing:
  value: ~
nodes:
  - Node2
  - Node1
value_tables: ~
messages:
  - header:
      id: 1
      name: TestMessage
      size: 1
      transmitter: Node1
    signals:
      - name: Signal1
        multiplexer: ~
        start_bit: 0
        size: 8
        byte_order: LittleEndian
        value_type: Unsigned
        factor: 1
        offset: 0
        min: 0
        max: 250
        unit: ""
        receivers:
          - Node2
env_vars: []
env_vars_data: []
comments: []
attribute_definitions:
  - Network:
      attribute_name: MultiplexExtEnabled
      attribute_value_type:
        Enum:
          values:
            - "No"
            - "Yes"
  - Network:
      attribute_name: BusType
      attribute_value_type:
        String: {}
  - Network:
      attribute_name: DBName
      attribute_value_type:
        String: {}
  - Signal:
      attribute_name: GenSigStartValue
      attribute_value_type:
        Integer:
          minimum: -2147483648
          maximum: 2147483647
attribute_defaults:
  - Attribute:
      attribute_name: MultiplexExtEnabled
      attribute_value:
        String: "No"
  - Attribute:
      attribute_name: BusType
      attribute_value:
        String: CAN
  - Attribute:
      attribute_name: DBName
      attribute_value:
        String: ""
  - Attribute:
      attribute_name: GenSigStartValue
      attribute_value:
        Double: -2147483648
attribute_values:
  - Network:
      attribute_name: DBName
      attribute_value:
        String: test
  - Signal:
      attribute_name: GenSigStartValue
      message_id: 1
      signal_name: Signal1
      attribute_value:
        Double: 254
signal_value_descriptions: []
env_var_value_descriptions: []
