---
source: tests/snapshots.rs
---
version: ""
new_symbols:
  - NS_DESC_
  - CM_
  - BA_DEF_
  - BA_
  - VAL_
  - CAT_DEF_
  - CAT_
  - FILTER
  - BA_DEF_DEF_
  - EV_DATA_
  - ENVVAR_DATA_
  - SGTYPE_
  - SGTYPE_VAL_
  - BA_DEF_SGTYPE_
  - BA_SGTYPE_
  - SIG_TYPE_REF_
  - VAL_TABLE_
  - SIG_GROUP_
  - SIG_VALTYPE_
  - SIGTYPE_VALTYPE_
  - BO_TX_BU_
  - BA_DEF_REL_
  - BA_REL_
  - BA_DEF_DEF_REL_
  - BU_SG_REL_
  - BU_EV_REL_
  - BU_BO_REL_
  - SG_MUL_VAL_
bit_timing:
  value: ~
nodes:
  - Node2
  - Node1
value_tables: ~
messages:
  - header:
      id: 2503213569
      name: Message1
      size: 8
      transmitter: Node1
    signals:
      - name: Signal1
        multiplexer: ~
        start_bit: 0
        size: 8
        byte_order: LittleEndian
        value_type: Signed
        factor: 1
        offset: 0
        min: 0
        max: 0
        unit: ""
        receivers:
          - Node2
  - header:
      id: 2515537922
      name: Message2
      size: 8
      transmitter: Node2
    signals:
      - name: Signal2
        multiplexer: ~
        start_bit: 0
        size: 8
        byte_order: LittleEndian
        value_type: Signed
        factor: 1
        offset: 0
        min: 0
        max: 0
        unit: ""
        receivers:
          - Node1
env_vars: []
env_vars_data: []
comments: []
attribute_definitions:
  - Message:
      attribute_name: TpJ1939VarDlc
      attribute_value_type:
        Enum:
          values:
            - "No"
            - "Yes"
  - Signal:
      attribute_name: SigType
      attribute_value_type:
        Enum:
          values:
            - Default
            - Range
            - RangeSigned
            - ASCII
            - Discrete
            - Control
            - ReferencePGN
            - DTC
            - StringDelimiter
            - StringLength
            - StringLengthControl
            - MessageCounter
            - MessageChecksum
  - Signal:
      attribute_name: GenSigEVName
      attribute_value_type:
        String: {}
  - Signal:
      attribute_name: GenSigILSupport
      attribute_value_type:
        Enum:
          values:
            - "No"
            - "Yes"
  - Signal:
      attribute_name: GenSigSendType
      attribute_value_type:
        Enum:
          values:
            - Cyclic
            - OnWrite
            - OnWriteWithRepetition
            - OnChange
            - OnChangeWithRepetition
            - IfActive
            - IfActiveWithRepetition
            - NoSigSendType
  - Message:
      attribute_name: GenMsgFastOnStart
      attribute_value_type:
        Integer:
          minimum: 0
          maximum: 100000
  - Signal:
      attribute_name: GenSigInactiveValue
      attribute_value_type:
        Integer:
          minimum: 0
          maximum: 0
  - Message:
      attribute_name: GenMsgCycleTimeFast
      attribute_value_type:
        Integer:
          minimum: 0
          maximum: 3600000
  - Message:
      attribute_name: GenMsgNrOfRepetition
      attribute_value_type:
        Integer:
          minimum: 0
          maximum: 1000000
  - Signal:
      attribute_name: GenSigStartValue
      attribute_value_type:
        Integer:
          minimum: 0
          maximum: 2147483647
  - Message:
      attribute_name: GenMsgDelayTime
      attribute_value_type:
        Integer:
          minimum: 0
          maximum: 1000
  - Message:
      attribute_name: GenMsgILSupport
      attribute_value_type:
        Enum:
          values:
            - "No"
            - "Yes"
  - Message:
      attribute_name: GenMsgStartDelayTime
      attribute_value_type:
        Integer:
          minimum: 0
          maximum: 100000
  - Node:
      attribute_name: NodeLayerModules
      attribute_value_type:
        String: {}
  - Node:
      attribute_name: ECU
      attribute_value_type:
        String: {}
  - Node:
      attribute_name: NmJ1939SystemInstance
      attribute_value_type:
        Integer:
          minimum: 0
          maximum: 15
  - Node:
      attribute_name: NmJ1939System
      attribute_value_type:
        Integer:
          minimum: 0
          maximum: 127
  - Node:
      attribute_name: NmJ1939ManufacturerCode
      attribute_value_type:
        Integer:
          minimum: 0
          maximum: 2047
  - Node:
      attribute_name: NmJ1939IndustryGroup
      attribute_value_type:
        Integer:
          minimum: 0
          maximum: 7
  - Node:
      attribute_name: NmJ1939IdentityNumber
      attribute_value_type:
        Integer:
          minimum: 0
          maximum: 2097151
  - Node:
      attribute_name: NmJ1939FunctionInstance
      attribute_value_type:
        Integer:
          minimum: 0
          maximum: 7
  - Node:
      attribute_name: NmJ1939Function
      attribute_value_type:
        Integer:
          minimum: 0
          maximum: 255
  - Node:
      attribute_name: NmJ1939ECUInstance
      attribute_value_type:
        Integer:
          minimum: 0
          maximum: 3
  - Node:
      attribute_name: NmJ1939AAC
      attribute_value_type:
        Integer:
          minimum: 0
          maximum: 1
  - Node:
      attribute_name: NmStationAddress
      attribute_value_type:
        Integer:
          minimum: 0
          maximum: 255
  - Message:
      attribute_name: GenMsgSendType
      attribute_value_type:
        Enum:
          values:
            - cyclic
            - NotUsed
            - IfActive
            - NotUsed
            - NotUsed
            - NotUsed
            - NotUsed
            - NotUsed
            - noMsgSendType
  - Message:
      attribute_name: GenMsgRequestable
      attribute_value_type:
        Integer:
          minimum: 0
          maximum: 1
  - Message:
      attribute_name: GenMsgCycleTime
      attribute_value_type:
        Integer:
          minimum: 0
          maximum: 3600000
  - Signal:
      attribute_name: SPN
      attribute_value_type:
        Integer:
          minimum: 0
          maximum: 524287
  - Network:
      attribute_name: DBName
      attribute_value_type:
        String: {}
  - Network:
      attribute_name: BusType
      attribute_value_type:
        String: {}
  - Network:
      attribute_name: ProtocolType
      attribute_value_type:
        String: {}
  - Message:
      attribute_name: VFrameFormat
      attribute_value_type:
        Enum:
          values:
            - StandardCAN
            - ExtendedCAN
            - reserved
            - J1939PG
attribute_defaults:
  - Attribute:
      attribute_name: TpJ1939VarDlc
      attribute_value:
        String: "No"
  - Attribute:
      attribute_name: SigType
      attribute_value:
        String: Default
  - Attribute:
      attribute_name: GenSigEVName
      attribute_value:
        String: Env@Nodename_@Signame
  - Attribute:
      attribute_name: GenSigILSupport
      attribute_value:
        String: "Yes"
  - Attribute:
      attribute_name: GenSigSendType
      attribute_value:
        String: NoSigSendType
  - Attribute:
      attribute_name: GenMsgFastOnStart
      attribute_value:
        Double: 0
  - Attribute:
      attribute_name: GenSigInactiveValue
      attribute_value:
        Double: 0
  - Attribute:
      attribute_name: GenMsgCycleTimeFast
      attribute_value:
        Double: 0
  - Attribute:
      attribute_name: GenMsgNrOfRepetition
      attribute_value:
        Double: 0
  - Attribute:
      attribute_name: GenSigStartValue
      attribute_value:
        Double: 0
  - Attribute:
      attribute_name: GenMsgDelayTime
      attribute_value:
        Double: 0
  - Attribute:
      attribute_name: GenMsgILSupport
      attribute_value:
        String: "Yes"
  - Attribute:
      attribute_name: GenMsgStartDelayTime
      attribute_value:
        Double: 0
  - Attribute:
      attribute_name: NodeLayerModules
      attribute_value:
        String: ""
  - Attribute:
      attribute_name: ECU
      attribute_value:
        String: ""
  - Attribute:
      attribute_name: NmJ1939SystemInstance
      attribute_value:
        Double: 0
  - Attribute:
      attribute_name: NmJ1939System
      attribute_value:
        Double: 0
  - Attribute:
      attribute_name: NmJ1939ManufacturerCode
      attribute_value:
        Double: 0
  - Attribute:
      attribute_name: NmJ1939IndustryGroup
      attribute_value:
        Double: 0
  - Attribute:
      attribute_name: NmJ1939IdentityNumber
      attribute_value:
        Double: 0
  - Attribute:
      attribute_name: NmJ1939FunctionInstance
      attribute_value:
        Double: 0
  - Attribute:
      attribute_name: NmJ1939Function
      attribute_value:
        Double: 0
  - Attribute:
      attribute_name: NmJ1939ECUInstance
      attribute_value:
        Double: 0
  - Attribute:
      attribute_name: NmJ1939AAC
      attribute_value:
        Double: 0
  - Attribute:
      attribute_name: NmStationAddress
      attribute_value:
        Double: 254
  - Attribute:
      attribute_name: GenMsgSendType
      attribute_value:
        String: noMsgSendType
  - Attribute:
      attribute_name: GenMsgRequestable
      attribute_value:
        Double: 1
  - Attribute:
      attribute_name: GenMsgCycleTime
      attribute_value:
        Double: 0
  - Attribute:
      attribute_name: SPN
      attribute_value:
        Double: 0
  - Attribute:
      attribute_name: DBName
      attribute_value:
        String: ""
  - Attribute:
      attribute_name: BusType
      attribute_value:
        String: CAN
  - Attribute:
      attribute_name: ProtocolType
      attribute_value:
        String: J1939
  - Attribute:
      attribute_name: VFrameFormat
      attribute_value:
        String: J1939PG
attribute_values:
  - Network:
      attribute_name: DBName
      attribute_value:
        String: foo
  - Node:
      attribute_name: NmStationAddress
      node_name: Node2
      attribute_value:
        Double: 2
  - Node:
      attribute_name: NmStationAddress
      node_name: Node1
      attribute_value:
        Double: 1
  - Message:
      attribute_name: VFrameFormat
      message_id: 2503213569
      attribute_value:
        Double: 3
  - Signal:
      attribute_name: SPN
      message_id: 2503213569
      signal_name: Signal1
      attribute_value:
        Double: 500
signal_value_descriptions: []
env_var_value_descriptions: []
