---
source: tests/snapshots.rs
---
version: ""
new_symbols:
  - NS_DESC_
  - CM_
  - BA_DEF_
  - BA_
  - VAL_
  - CAT_DEF_
  - CAT_
  - FILTER
  - BA_DEF_DEF_
  - EV_DATA_
  - ENVVAR_DATA_
  - SGTYPE_
  - SGTYPE_VAL_
  - BA_DEF_SGTYPE_
  - BA_SGTYPE_
  - SIG_TYPE_REF_
  - VAL_TABLE_
  - SIG_GROUP_
  - SIG_VALTYPE_
  - SIGTYPE_VALTYPE_
  - BO_TX_BU_
  - BA_DEF_REL_
  - BA_REL_
  - BA_DEF_DEF_REL_
  - BU_SG_REL_
  - BU_EV_REL_
  - BU_BO_REL_
  - SG_MUL_VAL_
bit_timing:
  value: ~
nodes:
  - Node_will_be_shortened_456789_12
value_tables: ~
messages:
  - header:
      id: 1
      name: Msg_will_be_shortened_3456789_12
      size: 8
      transmitter: Node_will_be_shortened_456789_12
    signals:
      - name: Sig_will_be_shortened_3456789_12
        multiplexer: ~
        start_bit: 1
        size: 8
        byte_order: LittleEndian
        value_type: Unsigned
        factor: 1
        offset: 0
        min: 0
        max: 0
        unit: ""
        receivers:
          - Vector__XXX
env_vars: []
env_vars_data: []
comments:
  - Node:
      node_name: Node_will_be_shortened_456789_12
      comment: ""
attribute_definitions:
  - Node:
      attribute_name: SystemNodeLongSymbol
      attribute_value_type:
        String: {}
  - Message:
      attribute_name: SystemMessageLongSymbol
      attribute_value_type:
        String: {}
  - Signal:
      attribute_name: SystemSignalLongSymbol
      attribute_value_type:
        String: {}
attribute_defaults:
  - Attribute:
      attribute_name: SystemNodeLongSymbol
      attribute_value:
        String: ""
  - Attribute:
      attribute_name: SystemMessageLongSymbol
      attribute_value:
        String: ""
  - Attribute:
      attribute_name: SystemSignalLongSymbol
      attribute_value:
        String: ""
attribute_values:
  - Node:
      attribute_name: SystemNodeLongSymbol
      node_name: Node_will_be_shortened_456789_12
      attribute_value:
        String: Node_will_be_shortened_456789_12ZZZZ
  - Message:
      attribute_name: SystemMessageLongSymbol
      message_id: 1
      attribute_value:
        String: Msg_will_be_shortened_3456789_12YYYY
  - Signal:
      attribute_name: SystemSignalLongSymbol
      message_id: 1
      signal_name: Sig_will_be_shortened_3456789_12
      attribute_value:
        String: Sig_will_be_shortened_3456789_12XXXX
signal_value_descriptions: []
env_var_value_descriptions: []
