---
source: tests/snapshots.rs
---
version: ""
new_symbols:
  - NS_DESC_
  - CM_
  - BA_DEF_
  - BA_
  - VAL_
  - CAT_DEF_
  - CAT_
  - FILTER
  - BA_DEF_DEF_
  - EV_DATA_
  - ENVVAR_DATA_
  - SGTYPE_
  - SGTYPE_VAL_
  - BA_DEF_SGTYPE_
  - BA_SGTYPE_
  - SIG_TYPE_REF_
  - VAL_TABLE_
  - SIG_GROUP_
  - SIG_VALTYPE_
  - SIGTYPE_VALTYPE_
  - BO_TX_BU_
  - BA_DEF_REL_
  - BA_REL_
  - BA_DEF_DEF_REL_
  - BU_SG_REL_
  - BU_EV_REL_
  - BU_BO_REL_
  - SG_MUL_VAL_
bit_timing:
  value: ~
nodes:
  - node_now_short
value_tables: ~
messages:
  - header:
      id: 1
      name: msg_now_short
      size: 8
      transmitter: node_now_short
    signals:
      - name: sig_now_short
        multiplexer: ~
        start_bit: 1
        size: 8
        byte_order: LittleEndian
        value_type: Unsigned
        factor: 1
        offset: 0
        min: 0
        max: 0
        unit: ""
        receivers:
          - Vector__XXX
env_vars: []
env_vars_data: []
comments:
  - Node:
      node_name: node_now_short
      comment: ""
attribute_definitions:
  - Node:
      attribute_name: SystemNodeLongSymbol
      attribute_value_type:
        String: {}
  - Message:
      attribute_name: SystemMessageLongSymbol
      attribute_value_type:
        String: {}
  - Signal:
      attribute_name: SystemSignalLongSymbol
      attribute_value_type:
        String: {}
attribute_defaults:
  - Attribute:
      attribute_name: SystemNodeLongSymbol
      attribute_value:
        String: ""
  - Attribute:
      attribute_name: SystemMessageLongSymbol
      attribute_value:
        String: ""
  - Attribute:
      attribute_name: SystemSignalLongSymbol
      attribute_value:
        String: ""
attribute_values: []
signal_value_descriptions: []
env_var_value_descriptions: []
