---
source: tests/snapshots.rs
---
version: ""
new_symbols:
  - NS_DESC_
  - CM_
  - BA_DEF_
  - BA_
  - VAL_
  - CAT_DEF_
  - CAT_
  - FILTER
  - BA_DEF_DEF_
  - EV_DATA_
  - ENVVAR_DATA_
  - SGTYPE_
  - SGTYPE_VAL_
  - BA_DEF_SGTYPE_
  - BA_SGTYPE_
  - SIG_TYPE_REF_
  - VAL_TABLE_
  - SIG_GROUP_
  - SIG_VALTYPE_
  - SIGTYPE_VALTYPE_
  - BO_TX_BU_
  - BA_DEF_REL_
  - BA_REL_
  - BA_DEF_DEF_REL_
  - BU_SG_REL_
  - BU_EV_REL_
  - BU_BO_REL_
  - SG_MUL_VAL_
bit_timing:
  value: ~
nodes:
  - Tester
value_tables: ~
messages:
  - header:
      id: 3
      name: Test
      size: 8
      transmitter: Tester
    signals:
      - name: TestSig
        multiplexer: ~
        start_bit: 0
        size: 8
        byte_order: LittleEndian
        value_type: Signed
        factor: 1
        offset: 0
        min: 0
        max: 0
        unit: ""
        receivers:
          - Tester
  - header:
      id: 2
      name: SGMsg_m
      size: 8
      transmitter: Vector__XXX
    signals:
      - name: dupsig
        multiplexer: ~
        start_bit: 24
        size: 8
        byte_order: LittleEndian
        value_type: Signed
        factor: 1
        offset: 0
        min: 0
        max: 0
        unit: ""
        receivers:
          - Vector__XXX
      - name: subSig2_1
        multiplexer: ~
        start_bit: 16
        size: 8
        byte_order: LittleEndian
        value_type: Signed
        factor: 1
        offset: 0
        min: 0
        max: 0
        unit: ""
        receivers:
          - Vector__XXX
      - name: subSig1_2
        multiplexer: ~
        start_bit: 8
        size: 8
        byte_order: LittleEndian
        value_type: Signed
        factor: 1
        offset: 0
        min: 0
        max: 0
        unit: ""
        receivers:
          - Vector__XXX
      - name: subSig1_1
        multiplexer: ~
        start_bit: 0
        size: 8
        byte_order: LittleEndian
        value_type: Signed
        factor: 1
        offset: 0
        min: 0
        max: 0
        unit: ""
        receivers:
          - Vector__XXX
  - header:
      id: 1
      name: SGMsg
      size: 8
      transmitter: Vector__XXX
    signals:
      - name: dupsig
        multiplexer: ~
        start_bit: 16
        size: 8
        byte_order: LittleEndian
        value_type: Signed
        factor: 1
        offset: 0
        min: 0
        max: 0
        unit: ""
        receivers:
          - Vector__XXX
      - name: SG2
        multiplexer: ~
        start_bit: 8
        size: 8
        byte_order: LittleEndian
        value_type: Signed
        factor: 1
        offset: 0
        min: 0
        max: 0
        unit: ""
        receivers:
          - Vector__XXX
      - name: SG1
        multiplexer: ~
        start_bit: 0
        size: 8
        byte_order: LittleEndian
        value_type: Signed
        factor: 1
        offset: 0
        min: 0
        max: 0
        unit: ""
        receivers:
          - Vector__XXX
  - header:
      id: 0
      name: NormalMsg
      size: 8
      transmitter: Vector__XXX
    signals:
      - name: Sig_2
        multiplexer: ~
        start_bit: 8
        size: 8
        byte_order: LittleEndian
        value_type: Signed
        factor: 1
        offset: 0
        min: 0
        max: 0
        unit: ""
        receivers:
          - Vector__XXX
      - name: Sig_1
        multiplexer: ~
        start_bit: 0
        size: 8
        byte_order: LittleEndian
        value_type: Signed
        factor: 1
        offset: 0
        min: 0
        max: 0
        unit: ""
        receivers:
          - Vector__XXX
env_vars: []
env_vars_data: []
comments: []
attribute_definitions:
  - Network:
      attribute_name: BusType
      attribute_value_type:
        String: {}
  - Message:
      attribute_name: GenMsgCycleTime
      attribute_value_type:
        Integer:
          minimum: 0
          maximum: 65535
attribute_defaults:
  - Attribute:
      attribute_name: BusType
      attribute_value:
        String: CAN
  - Attribute:
      attribute_name: GenMsgCycleTime
      attribute_value:
        Double: 0
attribute_values: []
signal_value_descriptions: []
env_var_value_descriptions: []
