---
source: tests/snapshots.rs
---
version: ""
new_symbols:
  - NS_DESC_
  - CM_
  - BA_DEF_
  - BA_
  - VAL_
  - CAT_DEF_
  - CAT_
  - FILTER
  - BA_DEF_DEF_
  - EV_DATA_
  - ENVVAR_DATA_
  - SGTYPE_
  - SGTYPE_VAL_
  - BA_DEF_SGTYPE_
  - BA_SGTYPE_
  - SIG_TYPE_REF_
  - VAL_TABLE_
  - SIG_GROUP_
  - SIG_VALTYPE_
  - SIGTYPE_VALTYPE_
  - BO_TX_BU_
  - BA_DEF_REL_
  - BA_REL_
  - BA_DEF_DEF_REL_
  - BU_SG_REL_
  - BU_EV_REL_
  - BU_BO_REL_
  - SG_MUL_VAL_
bit_timing:
  value: ~
nodes: []
value_tables: ~
messages:
  - header:
      id: 10
      name: Message378910
      size: 8
      transmitter: Vector__XXX
    signals:
      - name: s3big
        multiplexer: ~
        start_bit: 39
        size: 3
        byte_order: BigEndian
        value_type: Signed
        factor: 1
        offset: 0
        min: 0
        max: 0
        unit: ""
        receivers:
          - Vector__XXX
      - name: s3
        multiplexer: ~
        start_bit: 34
        size: 3
        byte_order: LittleEndian
        value_type: Signed
        factor: 1
        offset: 0
        min: 0
        max: 0
        unit: ""
        receivers:
          - Vector__XXX
      - name: s10big
        multiplexer: ~
        start_bit: 40
        size: 10
        byte_order: BigEndian
        value_type: Signed
        factor: 1
        offset: 0
        min: 0
        max: 0
        unit: ""
        receivers:
          - Vector__XXX
      - name: s8big
        multiplexer: ~
        start_bit: 0
        size: 8
        byte_order: BigEndian
        value_type: Signed
        factor: 1
        offset: 0
        min: 0
        max: 0
        unit: ""
        receivers:
          - Vector__XXX
      - name: s7big
        multiplexer: ~
        start_bit: 62
        size: 7
        byte_order: BigEndian
        value_type: Signed
        factor: 1
        offset: 0
        min: 0
        max: 0
        unit: ""
        receivers:
          - Vector__XXX
      - name: s9
        multiplexer: ~
        start_bit: 17
        size: 9
        byte_order: LittleEndian
        value_type: Signed
        factor: 1
        offset: 0
        min: 0
        max: 0
        unit: ""
        receivers:
          - Vector__XXX
      - name: s8
        multiplexer: ~
        start_bit: 26
        size: 8
        byte_order: LittleEndian
        value_type: Signed
        factor: 1
        offset: 0
        min: 0
        max: 0
        unit: ""
        receivers:
          - Vector__XXX
      - name: s7
        multiplexer: ~
        start_bit: 1
        size: 7
        byte_order: LittleEndian
        value_type: Signed
        factor: 1
        offset: 0
        min: 0
        max: 0
        unit: ""
        receivers:
          - Vector__XXX
  - header:
      id: 9
      name: Message63big_1
      size: 8
      transmitter: Vector__XXX
    signals:
      - name: s63big
        multiplexer: ~
        start_bit: 6
        size: 63
        byte_order: BigEndian
        value_type: Signed
        factor: 1
        offset: 0
        min: 0
        max: 0
        unit: ""
        receivers:
          - Vector__XXX
  - header:
      id: 8
      name: Message63_1
      size: 8
      transmitter: Vector__XXX
    signals:
      - name: s63
        multiplexer: ~
        start_bit: 1
        size: 63
        byte_order: LittleEndian
        value_type: Signed
        factor: 1
        offset: 0
        min: 0
        max: 0
        unit: ""
        receivers:
          - Vector__XXX
  - header:
      id: 7
      name: Message63big
      size: 8
      transmitter: Vector__XXX
    signals:
      - name: s63big
        multiplexer: ~
        start_bit: 7
        size: 63
        byte_order: BigEndian
        value_type: Signed
        factor: 1
        offset: 0
        min: 0
        max: 0
        unit: ""
        receivers:
          - Vector__XXX
  - header:
      id: 6
      name: Message63
      size: 8
      transmitter: Vector__XXX
    signals:
      - name: s63
        multiplexer: ~
        start_bit: 0
        size: 63
        byte_order: LittleEndian
        value_type: Signed
        factor: 1
        offset: 0
        min: 0
        max: 0
        unit: ""
        receivers:
          - Vector__XXX
  - header:
      id: 5
      name: Message32big
      size: 8
      transmitter: Vector__XXX
    signals:
      - name: s32big
        multiplexer: ~
        start_bit: 7
        size: 32
        byte_order: BigEndian
        value_type: Signed
        factor: 1
        offset: 0
        min: 0
        max: 0
        unit: ""
        receivers:
          - Vector__XXX
  - header:
      id: 4
      name: Message33big
      size: 8
      transmitter: Vector__XXX
    signals:
      - name: s33big
        multiplexer: ~
        start_bit: 7
        size: 33
        byte_order: BigEndian
        value_type: Signed
        factor: 1
        offset: 0
        min: 0
        max: 0
        unit: ""
        receivers:
          - Vector__XXX
  - header:
      id: 3
      name: Message64big
      size: 8
      transmitter: Vector__XXX
    signals:
      - name: s64big
        multiplexer: ~
        start_bit: 7
        size: 64
        byte_order: BigEndian
        value_type: Signed
        factor: 1
        offset: 0
        min: 0
        max: 0
        unit: ""
        receivers:
          - Vector__XXX
  - header:
      id: 2
      name: Message64
      size: 8
      transmitter: Vector__XXX
    signals:
      - name: s64
        multiplexer: ~
        start_bit: 0
        size: 64
        byte_order: LittleEndian
        value_type: Signed
        factor: 1
        offset: 0
        min: -9223372036854780000
        max: 9223372036854780000
        unit: ""
        receivers:
          - Vector__XXX
  - header:
      id: 1
      name: Message33
      size: 8
      transmitter: Vector__XXX
    signals:
      - name: s33
        multiplexer: ~
        start_bit: 0
        size: 33
        byte_order: LittleEndian
        value_type: Signed
        factor: 1
        offset: 0
        min: -4294967296
        max: 4294967295
        unit: ""
        receivers:
          - Vector__XXX
  - header:
      id: 0
      name: Message32
      size: 8
      transmitter: Vector__XXX
    signals:
      - name: s32
        multiplexer: ~
        start_bit: 0
        size: 32
        byte_order: LittleEndian
        value_type: Signed
        factor: 1
        offset: 0
        min: 0
        max: 0
        unit: ""
        receivers:
          - Vector__XXX
env_vars: []
env_vars_data: []
comments: []
attribute_definitions:
  - Network:
      attribute_name: BusType
      attribute_value_type:
        String: {}
attribute_defaults:
  - Attribute:
      attribute_name: BusType
      attribute_value:
        String: ""
attribute_values: []
signal_value_descriptions: []
env_var_value_descriptions: []
