---
source: tests/snapshots.rs
---
version: "3.0"
new_symbols:
  - NS_DESC_
  - CM_
  - BA_DEF_
  - BA_
  - VAL_
  - CAT_DEF_
  - CAT_
  - FILTER
  - BA_DEF_DEF_
  - EV_DATA_
  - ENVVAR_DATA_
  - SGTYPE_
  - SGTYPE_VAL_
  - BA_DEF_SGTYPE_
  - BA_SGTYPE_
  - SIG_TYPE_REF_
  - VAL_TABLE_
  - SIG_GROUP_
  - SIG_VALTYPE_
  - SIGTYPE_VALTYPE_
  - BO_TX_BU_
  - BA_DEF_REL_
  - BA_REL_
  - BA_DEF_DEF_REL_
  - BU_SG_REL_
  - BU_EV_REL_
  - BU_BO_REL_
  - SG_MUL_VAL_
bit_timing:
  value: ~
nodes:
  - Sender
  - Receiver
value_tables: ~
messages:
  - header:
      id: 1
      name: Foo
      size: 8
      transmitter: Sender
    signals:
      - name: Foo
        multiplexer: ~
        start_bit: 0
        size: 12
        byte_order: BigEndian
        value_type: Signed
        factor: 0.01
        offset: 250
        min: 229.53
        max: 270.47
        unit: degK
        receivers:
          - Receiver
  - header:
      id: 2
      name: Bar
      size: 8
      transmitter: Sender
    signals:
      - name: Foo
        multiplexer: ~
        start_bit: 0
        size: 12
        byte_order: BigEndian
        value_type: Signed
        factor: 0.01
        offset: 250
        min: 229.53
        max: 270.47
        unit: degK
        receivers:
          - Receiver
env_vars: []
env_vars_data: []
comments: []
attribute_definitions:
  - Message:
      attribute_name: GenMsgSendType
      attribute_value_type:
        Enum:
          values:
            - Cyclic
            - NotUsed
            - NotUsed
            - NotUsed
            - NotUsed
            - NotUsed
            - NotUsed
            - IfActive
            - NoMsgSendType
            - NotUsed
            - vector_leerstring
  - Message:
      attribute_name: GenMsgCycleTime
      attribute_value_type:
        Integer:
          minimum: 0
          maximum: 50000
attribute_defaults:
  - Attribute:
      attribute_name: GenMsgSendType
      attribute_value:
        String: NoMsgSendType
  - Attribute:
      attribute_name: GenMsgCycleTime
      attribute_value:
        Double: 0
attribute_values:
  - Message:
      attribute_name: GenMsgCycleTime
      message_id: 1
      attribute_value:
        Double: 200
  - Message:
      attribute_name: GenMsgSendType
      message_id: 1
      attribute_value:
        Double: 0
signal_value_descriptions: []
env_var_value_descriptions: []
