---
source: tests/snapshots.rs
---
version: ""
new_symbols:
  - NS_DESC_
  - CM_
  - BA_DEF_
  - BA_
  - VAL_
  - CAT_DEF_
  - CAT_
  - FILTER
  - BA_DEF_DEF_
  - EV_DATA_
  - ENVVAR_DATA_
  - SGTYPE_
  - SGTYPE_VAL_
  - BA_DEF_SGTYPE_
  - BA_SGTYPE_
  - SIG_TYPE_REF_
  - VAL_TABLE_
  - SIG_GROUP_
  - SIG_VALTYPE_
  - SIGTYPE_VALTYPE_
  - BO_TX_BU_
  - BA_DEF_REL_
  - BA_REL_
  - BA_DEF_DEF_REL_
  - BU_SG_REL_
  - BU_EV_REL_
  - BU_BO_REL_
  - SG_MUL_VAL_
bit_timing:
  value: ~
nodes: []
value_tables:
  - name: Table3
    value_descriptions:
      values:
        - num: 16
          str: "16"
        - num: 7
          str: "7"
        - num: 2
          str: "2"
        - num: 0
          str: "0"
  - name: Table2
    value_descriptions:
      values: []
  - name: Table1
    value_descriptions:
      values:
        - num: 1
          str: One
        - num: 0
          str: Zero
messages:
  - header:
      id: 0
      name: Message1
      size: 8
      transmitter: Vector__XXX
    signals:
      - name: Signal1
        multiplexer: ~
        start_bit: 0
        size: 8
        byte_order: LittleEndian
        value_type: Signed
        factor: 1
        offset: 0
        min: 0
        max: 0
        unit: ""
        receivers:
          - Vector__XXX
env_vars: []
env_vars_data: []
comments: []
attribute_definitions:
  - Network:
      attribute_name: BusType
      attribute_value_type:
        String: {}
  - Message:
      attribute_name: GenMsgCycleTime
      attribute_value_type:
        Integer:
          minimum: 0
          maximum: 65535
attribute_defaults:
  - Attribute:
      attribute_name: BusType
      attribute_value:
        String: ""
  - Attribute:
      attribute_name: GenMsgCycleTime
      attribute_value:
        Double: 0
attribute_values: []
signal_value_descriptions:
  - message_id: 0
    signal_name: Signal1
    value_descriptions:
      values:
        - num: 1
          str: One
        - num: 0
          str: Zero
env_var_value_descriptions: []
