---
source: tests/snapshots.rs
---
version: ""
new_symbols:
  - NS_DESC_
  - CM_
  - BA_DEF_
  - BA_
  - VAL_
  - CAT_DEF_
  - CAT_
  - FILTER
  - BA_DEF_DEF_
  - EV_DATA_
  - ENVVAR_DATA_
  - SGTYPE_
  - SGTYPE_VAL_
  - BA_DEF_SGTYPE_
  - BA_SGTYPE_
  - SIG_TYPE_REF_
  - VAL_TABLE_
  - SIG_GROUP_
  - SIG_VALTYPE_
  - SIGTYPE_VALTYPE_
  - BO_TX_BU_
  - BA_DEF_REL_
  - BA_REL_
  - BA_DEF_DEF_REL_
  - BU_SG_REL_
  - BU_EV_REL_
  - BU_BO_REL_
  - SG_MUL_VAL_
bit_timing:
  value: ~
nodes:
  - NN123456789012345678901234567890
  - N12345678901234567890123456_0000
  - N1234567890123456789012345678901
  - N12345678901234567890123456_0001
value_tables: ~
messages:
  - header:
      id: 9
      name: SS123456789012345678901234587890
      size: 8
      transmitter: Vector__XXX
    signals: []
  - header:
      id: 8
      name: SS1234567890123456789012345_0000
      size: 8
      transmitter: Vector__XXX
    signals: []
  - header:
      id: 7
      name: SS1234567890123456789012345_0001
      size: 8
      transmitter: Vector__XXX
    signals: []
  - header:
      id: 6
      name: SS123456789012345678901234577890
      size: 8
      transmitter: Vector__XXX
    signals: []
  - header:
      id: 5
      name: SS123456789012345678901234567890
      size: 8
      transmitter: Vector__XXX
    signals: []
  - header:
      id: 4
      name: S1234567890123456789012345678901
      size: 8
      transmitter: Vector__XXX
    signals:
      - name: SS123456789012345678901234567890
        multiplexer: ~
        start_bit: 0
        size: 8
        byte_order: LittleEndian
        value_type: Signed
        factor: 1
        offset: 0
        min: 0
        max: 0
        unit: ""
        receivers:
          - Vector__XXX
  - header:
      id: 0
      name: M12345678901234567890123456_0000
      size: 8
      transmitter: Vector__XXX
    signals:
      - name: SSS12345678901234567890123456789
        multiplexer: ~
        start_bit: 0
        size: 8
        byte_order: LittleEndian
        value_type: Signed
        factor: 1
        offset: 0
        min: 0
        max: 0
        unit: ""
        receivers:
          - Vector__XXX
  - header:
      id: 1
      name: M1234567890123456789012345678901
      size: 8
      transmitter: N1234567890123456789012345678901
    signals:
      - name: SS1234567890123456789012345_0000
        multiplexer: ~
        start_bit: 32
        size: 8
        byte_order: LittleEndian
        value_type: Signed
        factor: 1
        offset: 0
        min: 0
        max: 0
        unit: ""
        receivers:
          - Vector__XXX
      - name: SS1234567890123456789012345_0001
        multiplexer: ~
        start_bit: 24
        size: 8
        byte_order: LittleEndian
        value_type: Signed
        factor: 1
        offset: 0
        min: 0
        max: 0
        unit: ""
        receivers:
          - Vector__XXX
      - name: SS1234567890123456789012345_0002
        multiplexer: ~
        start_bit: 16
        size: 8
        byte_order: LittleEndian
        value_type: Signed
        factor: 1
        offset: 0
        min: 0
        max: 0
        unit: ""
        receivers:
          - N12345678901234567890123456_0000
      - name: S12345678901234567890123456_0000
        multiplexer: ~
        start_bit: 8
        size: 8
        byte_order: LittleEndian
        value_type: Signed
        factor: 1
        offset: 0
        min: 0
        max: 0
        unit: ""
        receivers:
          - Vector__XXX
      - name: S1234567890123456789012345678901
        multiplexer: ~
        start_bit: 0
        size: 8
        byte_order: LittleEndian
        value_type: Signed
        factor: 1
        offset: 0
        min: 0
        max: 0
        unit: ""
        receivers:
          - Vector__XXX
  - header:
      id: 2
      name: M12345678901234567890123456_0001
      size: 8
      transmitter: N12345678901234567890123456_0001
    signals:
      - name: SS1234567890123456789012345_0003
        multiplexer: ~
        start_bit: 24
        size: 8
        byte_order: LittleEndian
        value_type: Signed
        factor: 1
        offset: 0
        min: 0
        max: 0
        unit: ""
        receivers:
          - Vector__XXX
      - name: SS1234567890123456789012345_0004
        multiplexer: ~
        start_bit: 16
        size: 8
        byte_order: LittleEndian
        value_type: Signed
        factor: 1
        offset: 0
        min: 0
        max: 0
        unit: ""
        receivers:
          - Vector__XXX
      - name: S12345678901234567890123456_0001
        multiplexer: ~
        start_bit: 8
        size: 8
        byte_order: LittleEndian
        value_type: Signed
        factor: 1
        offset: 0
        min: 0
        max: 0
        unit: ""
        receivers:
          - Vector__XXX
      - name: S12345678901234567890123456_0002
        multiplexer: ~
        start_bit: 0
        size: 8
        byte_order: LittleEndian
        value_type: Signed
        factor: 1
        offset: 0
        min: 0
        max: 0
        unit: ""
        receivers:
          - Vector__XXX
  - header:
      id: 3
      name: MM123456789012345678901234567890
      size: 8
      transmitter: Vector__XXX
    signals:
      - name: SSS123456789012345678901234_0000
        multiplexer: ~
        start_bit: 8
        size: 8
        byte_order: LittleEndian
        value_type: Signed
        factor: 1
        offset: 0
        min: 0
        max: 0
        unit: ""
        receivers:
          - Vector__XXX
      - name: SS1234567890123456789012345_0005
        multiplexer: ~
        start_bit: 0
        size: 8
        byte_order: LittleEndian
        value_type: Signed
        factor: 1
        offset: 0
        min: 0
        max: 0
        unit: ""
        receivers:
          - Vector__XXX
env_vars:
  - env_var_name: E12345678901234567890123456_0000
    env_var_type: Integer
    minimum: 0
    maximum: 0
    unit: ""
    initial_value: 0
    ev_id: 1
    access_type: 0
    access_nodes:
      - Vector__XXX
  - env_var_name: E1234567890123456789012345678901
    env_var_type: Integer
    minimum: 0
    maximum: 0
    unit: ""
    initial_value: 0
    ev_id: 2
    access_type: 0
    access_nodes:
      - Vector__XXX
env_vars_data: []
comments: []
attribute_definitions:
  - Network:
      attribute_name: BusType
      attribute_value_type:
        String: {}
  - Signal:
      attribute_name: SystemSignalLongSymbol
      attribute_value_type:
        String: {}
  - Message:
      attribute_name: SystemMessageLongSymbol
      attribute_value_type:
        String: {}
  - Node:
      attribute_name: SystemNodeLongSymbol
      attribute_value_type:
        String: {}
  - EnvironmentVariable:
      attribute_name: SystemEnvVarLongSymbol
      attribute_value_type:
        String: {}
attribute_defaults:
  - Attribute:
      attribute_name: BusType
      attribute_value:
        String: ""
  - Attribute:
      attribute_name: SystemSignalLongSymbol
      attribute_value:
        String: ""
  - Attribute:
      attribute_name: SystemMessageLongSymbol
      attribute_value:
        String: ""
  - Attribute:
      attribute_name: SystemNodeLongSymbol
      attribute_value:
        String: ""
  - Attribute:
      attribute_name: SystemEnvVarLongSymbol
      attribute_value:
        String: ""
attribute_values:
  - Node:
      attribute_name: SystemNodeLongSymbol
      node_name: NN123456789012345678901234567890
      attribute_value:
        String: NN123456789012345678901234567890123
  - Node:
      attribute_name: SystemNodeLongSymbol
      node_name: N12345678901234567890123456_0000
      attribute_value:
        String: N123456789012345678901234567890123
  - Node:
      attribute_name: SystemNodeLongSymbol
      node_name: N12345678901234567890123456_0001
      attribute_value:
        String: N12345678901234567890123456789012
  - Message:
      attribute_name: SystemMessageLongSymbol
      message_id: 9
      attribute_value:
        String: SS12345678901234567890123458789012345
  - Message:
      attribute_name: SystemMessageLongSymbol
      message_id: 8
      attribute_value:
        String: SS1234567890123456789012345778901
  - Message:
      attribute_name: SystemMessageLongSymbol
      message_id: 7
      attribute_value:
        String: SS1234567890123456789012345878901234
  - Message:
      attribute_name: SystemMessageLongSymbol
      message_id: 5
      attribute_value:
        String: SS12345678901234567890123456789012
  - Message:
      attribute_name: SystemMessageLongSymbol
      message_id: 4
      attribute_value:
        String: S12345678901234567890123456789012
  - Message:
      attribute_name: SystemMessageLongSymbol
      message_id: 0
      attribute_value:
        String: M123456789012345678901234567890123
  - Message:
      attribute_name: SystemMessageLongSymbol
      message_id: 2
      attribute_value:
        String: M12345678901234567890123456789012
  - Message:
      attribute_name: SystemMessageLongSymbol
      message_id: 3
      attribute_value:
        String: MM12345678901234567890123456789012
  - Signal:
      attribute_name: SystemSignalLongSymbol
      message_id: 4
      signal_name: SS123456789012345678901234567890
      attribute_value:
        String: SS12345678901234567890123456789012
  - Signal:
      attribute_name: SystemSignalLongSymbol
      message_id: 0
      signal_name: SSS12345678901234567890123456789
      attribute_value:
        String: SSS12345678901234567890123456789012
  - Signal:
      attribute_name: SystemSignalLongSymbol
      message_id: 1
      signal_name: SS1234567890123456789012345_0000
      attribute_value:
        String: SS12345678901234567890123456789012332
  - Signal:
      attribute_name: SystemSignalLongSymbol
      message_id: 1
      signal_name: SS1234567890123456789012345_0001
      attribute_value:
        String: SS1234567890123456789012345678901233
  - Signal:
      attribute_name: SystemSignalLongSymbol
      message_id: 1
      signal_name: SS1234567890123456789012345_0002
      attribute_value:
        String: SS12345678901234567890123456789012
  - Signal:
      attribute_name: SystemSignalLongSymbol
      message_id: 1
      signal_name: S12345678901234567890123456_0000
      attribute_value:
        String: S123456789012345678901234567890123
  - Signal:
      attribute_name: SystemSignalLongSymbol
      message_id: 2
      signal_name: SS1234567890123456789012345_0003
      attribute_value:
        String: SS12345678901234567890123456789012dw
  - Signal:
      attribute_name: SystemSignalLongSymbol
      message_id: 2
      signal_name: SS1234567890123456789012345_0004
      attribute_value:
        String: SS12345678901234567890123456789012
  - Signal:
      attribute_name: SystemSignalLongSymbol
      message_id: 2
      signal_name: S12345678901234567890123456_0001
      attribute_value:
        String: S12345678901234567890123456789012
  - Signal:
      attribute_name: SystemSignalLongSymbol
      message_id: 2
      signal_name: S12345678901234567890123456_0002
      attribute_value:
        String: S123456789012345678901234567890123
  - Signal:
      attribute_name: SystemSignalLongSymbol
      message_id: 3
      signal_name: SSS123456789012345678901234_0000
      attribute_value:
        String: SSS12345678901234567890123456789012
  - Signal:
      attribute_name: SystemSignalLongSymbol
      message_id: 3
      signal_name: SS1234567890123456789012345_0005
      attribute_value:
        String: SS1234567890123456789012345678901233
  - EnvironmentVariable:
      attribute_name: SystemEnvVarLongSymbol
      env_var_name: E12345678901234567890123456_0000
      attribute_value:
        String: E12345678901234567890123456789012
signal_value_descriptions: []
env_var_value_descriptions: []
